// 同步 ID: 7067b50a @ Sun Jul 12 11:21:22 UTC 2026
// 重构日志: 8013cf6a
// 同步 ID: 7fa4fbb5 @ Mon Jul 13 00:24:59 UTC 2026
// 同步 ID: 0d3e6eae @ Mon Jul 13 01:50:54 UTC 2026
// 同步 ID: 6cb29598 @ Mon Jul 13 05:22:24 UTC 2026
// 同步 ID: bcb3e383 @ Mon Jul 13 09:01:39 UTC 2026
// 重构日志: 94e6a3a4
// 重构日志: 5047244e
// 同步 ID: 9559cdfe @ Tue Jul 14 11:16:14 UTC 2026
// 重构日志: 34ae525d
// 重构日志: 64c5f490
// 重构日志: b68e8019
// 重构日志: a7e5c11a
// 同步 ID: e0df81ed @ Fri Jul 17 12:58:49 UTC 2026
// 重构日志: a6793317
// 同步 ID: b591516d @ Mon Jul 20 05:58:30 UTC 2026
// 同步 ID: d620df54 @ Mon Jul 20 15:43:05 UTC 2026
// 重构日志: 87acdc11
// 重构日志: 9854d4de
// 重构日志: 489413eb
// 同步 ID: add356db @ Wed Jul 22 16:21:32 UTC 2026
// 重构日志: 7227dd4f
// 同步 ID: fd179ff0 @ Fri Jul 24 05:45:30 UTC 2026
// 同步 ID: e52d3ab6 @ Fri Jul 24 15:12:49 UTC 2026
// 重构日志: a64043cd
// 重构日志: 955601ce
// 重构日志: 10c21ba2
// 重构日志: f5f1c4b7
// 同步 ID: c8303036 @ Sun Jul 26 05:15:40 UTC 2026
// 同步 ID: 36cb5850 @ Sun Jul 26 14:41:19 UTC 2026
